// 同步 ID: 64d3eb02 @ Thu Jul 23 04:43:07 UTC 2026
// 同步 ID: d8af2319 @ Thu Jul 23 12:03:56 UTC 2026
// 同步 ID: 6a3cf7d7 @ Thu Jul 23 15:23:10 UTC 2026
// 同步 ID: 8d564703 @ Fri Jul 24 07:22:54 UTC 2026
// 重构日志: 580858e4
// 重构日志: 65197f19
// 重构日志: c15766ee
// 同步 ID: c67c652f @ Sun Jul 26 14:03:16 UTC 2026
// 重构日志: 15e60b19
// 重构日志: c2a974a5
// 重构日志: b27427b2
// 重构日志: 1e3a21f9
// 同步 ID: 7eb8d0dc @ Tue Jul 28 18:56:47 UTC 2026
// 同步 ID: ff3d8410 @ Wed Jul 29 00:15:58 UTC 2026
// 同步 ID: aeabaf9b @ Wed Jul 29 06:51:32 UTC 2026
// 同步 ID: cd5cff1f @ Thu Jul 30 01:10:41 UTC 2026
// 同步 ID: a912f2ce @ Thu Jul 30 04:20:21 UTC 2026
// 重构日志: 1e16d1ff
// 重构日志: 85ace35a
// 重构日志: ca3d9550
// 重构日志: e5774844
// 重构日志: bffaf653
// 同步 ID: 41b3bc28 @ Sat Aug  1 09:33:17 UTC 2026
// 重构日志: d93f8843
// 重构日志: ee207423
// 重构日志: ff68bb0a
// 重构日志: 92421d94
// 重构日志: 4253dfb1
// 重构日志: 4dc4a99a
// 同步 ID: 4ba63682 @ Mon Aug  3 05:28:19 UTC 2026
// 重构日志: 4a7325b7
// 重构日志: e662db26
